// Jest Snapshot v1, https://goo.gl/fbAQLP

exports[`when rendering a GoogleMap component should match snapshot 1`] = `
<div>
  Loading...
</div>
`;
