// Jest Snapshot v1, https://goo.gl/fbAQLP

exports[`when rendering the App component should match snapshot 1`] = `
<div
  style={
    Object {
      "height": "600px",
      "postion": "relative",
      "width": "1000px",
    }
  }
>
  <div>
    Loading...
  </div>
  <form
    style={
      Object {
        "position": "absolute",
        "top": "600px",
      }
    }
  >
    <input
      className="slider"
      id="carcount"
      max={50}
      min={1}
      onChange={[Function]}
      type="range"
      value={10}
    />
    <span>
      10
    </span>
    <button
      onClick={[Function]}
    >
      Update search...
    </button>
  </form>
</div>
`;
